2026-02-08 20:21:07,285 - QTvcp.QTVCP.QT_ISTAT - WARNING - filter Extension Parsing Error: 'NoneType' object is not iterable
 Using Default: ALL (*)
2026-02-08 20:21:07,286 - QTvcp.QTVCP.QT_ISTAT - WARNING - Valid Extension Parsing Error: 'NoneType' object is not iterable
 Using Default: *
2026-02-08 20:21:07,286 - QTvcp.QTVCP.QT_ISTAT - WARNING - INI Parsing Error, No MAX_SPINDLE_0_OVERRIDE Entry in DISPLAY, Using: 1
2026-02-08 20:21:07,286 - QTvcp.QTVCP.QT_ISTAT - WARNING - INI Parsing Error, No MIN_SPINDLE_0_OVERRIDE Entry in DISPLAY, Using: 0.5
2026-02-08 20:21:07,641 - QTvcp.QTVCP.QT_ISTAT - WARNING - INI Parsing Error, No MAX_SPINDLE_POWER Entry in DISPLAY, Using: 1500
2026-02-08 20:21:08,676 - QTvcp.RAPIDCHANGE_HANDLER - DEBUG - INIT qtvcp handler
2026-02-08 20:21:08,676 - QTvcp.RAPIDCHANGE_HANDLER - DEBUG - num_pockets = 4
2026-02-08 20:21:08,677 - QTvcp.RAPIDCHANGE_HANDLER - DEBUG - pocket_offset = 45
2026-02-08 20:21:08,677 - QTvcp.RAPIDCHANGE_HANDLER - DEBUG - first_pocket_x = 0
2026-02-08 20:21:08,677 - QTvcp.RAPIDCHANGE_HANDLER - DEBUG - first_pocket_y = 0
2026-02-08 20:21:08,677 - QTvcp.RAPIDCHANGE_HANDLER - DEBUG - z_engage = 0
2026-02-08 20:21:08,677 - QTvcp.RAPIDCHANGE_HANDLER - DEBUG - z_engage_drop_offset = 0
2026-02-08 20:21:08,677 - QTvcp.RAPIDCHANGE_HANDLER - DEBUG - z_ir_engage = 0
2026-02-08 20:21:08,677 - QTvcp.RAPIDCHANGE_HANDLER - DEBUG - z_safe_clearance = 0
2026-02-08 20:21:08,677 - QTvcp.RAPIDCHANGE_HANDLER - DEBUG - cover_hal_dpin = 2
2026-02-08 20:21:08,677 - QTvcp.RAPIDCHANGE_HANDLER - DEBUG - ir_hal_dpin = 3
2026-02-08 20:21:08,677 - QTvcp.RAPIDCHANGE_HANDLER - DEBUG - x_manual_change_pos = 0
2026-02-08 20:21:08,677 - QTvcp.RAPIDCHANGE_HANDLER - DEBUG - y_manual_change_pos = 0
2026-02-08 20:21:08,677 - QTvcp.RAPIDCHANGE_HANDLER - DEBUG - align_axis = X
2026-02-08 20:21:08,678 - QTvcp.RAPIDCHANGE_HANDLER - DEBUG - pickup_rate = 1800
2026-02-08 20:21:08,678 - QTvcp.RAPIDCHANGE_HANDLER - DEBUG - drop_rate = 1800
2026-02-08 20:21:08,678 - QTvcp.RAPIDCHANGE_HANDLER - DEBUG - spindle_speed_pickup = 1500
2026-02-08 20:21:08,678 - QTvcp.RAPIDCHANGE_HANDLER - DEBUG - spindle_speed_drop = 1500
2026-02-08 20:21:08,678 - QTvcp.RAPIDCHANGE_HANDLER - DEBUG - ir_enabled = True
2026-02-08 20:21:08,678 - QTvcp.RAPIDCHANGE_HANDLER - DEBUG - cover_enabled = True
2026-02-08 20:21:08,690 - QTvcp.RAPIDCHANGE_HANDLER - DEBUG - probe_ht = 0
2026-02-08 20:21:08,690 - QTvcp.RAPIDCHANGE_HANDLER - DEBUG - block_ht = 0
2026-02-08 20:21:08,830 - QTvcp.QTVCP.QT_ISTAT - WARNING - Qt filter Extension Parsing Error: 'NoneType' object is not iterable
 Using Default: ALL (*)
2026-02-08 20:25:10,538 - QTvcp.RAPIDCHANGE_HANDLER - DEBUG - Calling cleanup for shutdown..
2026-02-08 20:25:10,551 - QTvcp.RAPIDCHANGE_HANDLER - DEBUG - Calling cleanup for shutdown..
